[debug] [2026-02-21T15:50:48.535Z] ----------------------------------------------------------------------
[debug] [2026-02-21T15:50:48.538Z] Command:       /usr/local/nvm/versions/node/v24.13.1/bin/node /usr/local/node_packages/node_modules/.bin/firebase init
[debug] [2026-02-21T15:50:48.538Z] CLI Version:   14.26.0
[debug] [2026-02-21T15:50:48.539Z] Platform:      linux
[debug] [2026-02-21T15:50:48.539Z] Node Version:  v24.13.1
[debug] [2026-02-21T15:50:48.539Z] Time:          Sat Feb 21 2026 15:50:48 GMT+0000 (Coordinated Universal Time)
[debug] [2026-02-21T15:50:48.539Z] ----------------------------------------------------------------------
[debug] 
[debug] [2026-02-21T15:50:48.542Z] >>> [apiv2][query] GET https://firebase-public.firebaseio.com/cli.json [none]
[info] 
     ######## #### ########  ######## ########     ###     ######  ########
     ##        ##  ##     ## ##       ##     ##  ##   ##  ##       ##
     ######    ##  ########  ######   ########  #########  ######  ######
     ##        ##  ##    ##  ##       ##     ## ##     ##       ## ##
     ##       #### ##     ## ######## ########  ##     ##  ######  ########

You're about to initialize a Firebase project in this directory:

  /home/papatpatwati

Before we get started, keep in mind:

  * You are initializing within an existing Firebase project directory

[debug] [2026-02-21T15:50:49.454Z] <<< [apiv2][status] GET https://firebase-public.firebaseio.com/cli.json 200
[debug] [2026-02-21T15:50:49.455Z] <<< [apiv2][body] GET https://firebase-public.firebaseio.com/cli.json {"cloudBuildErrorAfter":1594252800000,"cloudBuildWarnAfter":1590019200000,"defaultNode10After":1594252800000,"minVersion":"3.0.5","node8DeploysDisabledAfter":1613390400000,"node8RuntimeDisabledAfter":1615809600000,"node8WarnAfter":1600128000000}
[debug] [2026-02-21T15:52:58.042Z] ExitPromptError: User force closed the prompt with SIGINT
    at Interface.sigint (/usr/local/node_packages/node_modules/@inquirer/checkbox/node_modules/@inquirer/core/dist/commonjs/lib/create-prompt.js:101:37)
    at Interface.emit (node:events:508:28)
    at Interface.emit (node:domain:489:12)
    at [_ttyWrite] [as _ttyWrite] (node:internal/readline/interface:1327:18)
    at ReadStream.onkeypress (node:internal/readline/interface:284:20)
    at ReadStream.emit (node:events:520:35)
    at ReadStream.emit (node:domain:489:12)
    at emitKeys (node:internal/readline/utils:371:14)
    at emitKeys.next (<anonymous>)
    at ReadStream.onData (node:internal/readline/emitKeypressEvents:64:36)
[error] 
[error] Error: An unexpected error has occurred.
